
> portfolio@0.1.0 build
> next build

  Ôû▓ Next.js 14.2.3

   Creating an optimized production build ...
 Ô£ô Compiled successfully
   Linting and checking validity of types ...
node.exe :  ÔÜá No ESLint configu
ration detected. Run next lint to
 begin setup
At C:\Program Files\nodejs\npm.ps
1:29 char:3
+   & $NODE_EXE $NPM_CLI_JS $args
+   ~~~~~~~~~~~~~~~~~~~~~~~~~~~~~
    + CategoryInfo          : No 
   tSpecified: ( ÔÜá No ESLint   
  ... to begin setup:String) [   
 ], RemoteException
    + FullyQualifiedErrorId : Na 
   tiveCommandError
 
Failed to compile.

./app/(marketing)/writing/[slug]/
page.tsx:73:39
Type error: Property 'tags' does 
not exist on type 'Post'.

[0m [90m 71 |[39m[0m
[0m [90m 72 |[39m             
                [33m<[39m[33md
iv[39m className[33m=[39m[32m
"flex flex-wrap items-center gap-
2"[39m[33m>[39m[0m
[0m[31m[1m>[22m[39m[90m 73 
|[39m                           
      {post[33m.[39mtags[33m?
[39m[33m.[39mmap((tag) [33m=>
[39m ([0m
[0m [90m    |[39m             
                          [31m[
1m^[22m[39m[0m
[0m [90m 74 |[39m             
                        [33m<[3
9m[33mBadge[39m key[33m=[39m{
tag} variant[33m=[39m[32m"seco
ndary"[39m className[33m=[39m
[32m"bg-white/5 text-white/60 tex
t-[10px] uppercase tracking-wider
 font-semibold py-0.5"[39m[33m>
[39m[0m
[0m [90m 75 |[39m             
                            {tag}
[0m
[0m [90m 76 |[39m             
                        [33m<[3
9m[33m/[39m[33mBadge[39m[33m
>[39m[0m
